[12:19:01] ================ 验证轮 · 本次实现版（debug） ================
[12:19:01] 安装 D:\MixiaVault\app\build\outputs\apk\debug\app-debug.apk
[12:19:04]     设备上装的是 1.0.9 (code 10)
[12:19:07] 界面树抓取服务就绪（第 1 次尝试）
[12:19:07] 清空应用数据并冷启动，走完整引导
    [截图] 01-B-引导-欢迎.png  153545 B
[12:19:24] 设置主密码
    [截图] 02-B-引导-主密码.png  103192 B
[12:19:53] 跳过假密码
    [截图] 03-B-引导-假密码.png  93776 B
[12:19:58] 等待 Argon2id 派生完成
[12:20:07]     要求回填第 [8, 10, 11] 组
    [截图] 04-B-引导-恢复码已回填.png  176505 B
[12:20:23]     复选框已勾选（第 2 次尝试）
    [截图] 05-B-引导-已确认抄写.png  177927 B
[12:20:27] 等待进入主页
    [截图] 06-B-主页-空列表.png  88905 B
[12:20:33] 主页 → 媒体库（入口文案「照片与视频」）
    [截图] 07-B-媒体库-空态.png  145109 B
    [PASS] 主页入口文案含「照片与视频」（能力在界面上有条目）：实际入口文案「照片与视频」
    [PASS] 空库页头是「原图原片加密存储 · 0 项」（计数口径从「张」改成「项」）：实际页头「原图原片加密存储 · 0 项」
    [PASS] 媒体库右下角有导入浮标：浮标 (804, 2210)（文案「添加照片或视频」见截图 媒体库-空态）
[12:20:51] 点导入按钮（文案「（无语义）」）
[12:20:55]     选图器网格已加载（等了 4s / 1 轮）：可勾格子 11 个、红色缩略图 2 个
    [截图] 08-B-选图器.png  841465 B
    [记录] 选图器里的可勾格子数：11（含相册里的老照片）；其中红色缩略图 2 个
    [PASS] 选图器里两段影片都在、都能勾（对照轮 v1.0.9 这里是 0）：红色缩略图 2 个，可勾格子 11 个
[12:20:56]     可勾格子 11 个（含相册里的老照片），其中红色缩略图 2 个 →(539,1462) 358×358 →(900,1462) 358×358
[12:21:01]     点确认（「Done」）
    [截图] 09-B-媒体库-两个视频格.png  84788 B
    [PASS] 两段影片都导进来了（页头「· 2 项」）：页头读到 2 项
    [PASS] 两个格子上都有时长角标，数值来自容器而不是猜的（1:00 与 0:08）：实测角标 ['0:08', '1:00']
[12:21:07] 沙箱 files/attachments/ 下有 2 个文件：0fb1daac…=5197651B，1caab60c…=109481B
    [PASS] 沙箱里确实落盘了两个附件密文：2 个
    [PASS] 横屏 16:9：头部魔数正确：b'FPBCHK\x01\x00'
    [PASS] 横屏 16:9：chunkSize 与默认块大小一致（1048576 = 1 MiB）：1048576
    [PASS] 横屏 16:9：plainSize 等于源文件字节数（5197487）：记录 5197487，磁盘上源文件 5197487
    [PASS] 横屏 16:9：chunkCount 与 plainSize 自洽：5 块
    [PASS] 横屏 16:9：文件总长符合 24 + 块数×28 + 明文长度（末块是短的）：实测 5197651，公式应得 5197651
    [PASS] 横屏 16:9：密文里找不到任何明文 MP4 特征串：搜过 ['ftyp', 'moov', 'mdat', 'avc1']
    [记录] 横屏 16:9：明文/密文体积比：5197487 → 5197651（+164 字节 = 头 24 + 5 块 × (nonce 12 + tag 16)）
    [PASS] 竖屏 9:16：头部魔数正确：b'FPBCHK\x01\x00'
    [PASS] 竖屏 9:16：chunkSize 与默认块大小一致（1048576 = 1 MiB）：1048576
    [PASS] 竖屏 9:16：plainSize 等于源文件字节数（109429）：记录 109429，磁盘上源文件 109429
    [PASS] 竖屏 9:16：chunkCount 与 plainSize 自洽：1 块
    [PASS] 竖屏 9:16：文件总长符合 24 + 块数×28 + 明文长度（末块是短的）：实测 109481，公式应得 109481
    [PASS] 竖屏 9:16：密文里找不到任何明文 MP4 特征串：搜过 ['ftyp', 'moov', 'mdat', 'avc1']
    [记录] 竖屏 9:16：明文/密文体积比：109429 → 109481（+52 字节 = 头 24 + 1 块 × (nonce 12 + tag 16)）
    [PASS] 两段影片各自对上自己的素材（不是互相配错）：认领到 ['横屏 16:9', '竖屏 9:16']
    [PASS] 至少有一段素材在设备上落成多块（跨块读取才真的被走过）：各段块数 {'横屏 16:9': 5, '竖屏 9:16': 1}
[12:21:10] 点开角标 1:00 那一格（89,604）
    [PASS] 打开视频后画面就是影片（连拍每一帧都能量到红底条带，无需点任何东西）：8 帧里 8 帧有影片画面
[12:21:18]     量到的帧：B-横屏-播放中-00.png
[12:21:18]     条带 x[0,1079] y[896,1503] = 1080×608，正方形 157×157 比例 1.000，白块 x38..116（宽 79）
    [PASS] 横屏：条带高度 ≈ 608px（16:9 铺进 1080 宽应得的高度）：实测 608px，差 +0px
    [PASS] 横屏：条带横向铺满可视宽度（影片没被裁成更窄的一条）：x[0,1079]，屏宽 1080
    [PASS] 画面里的正方形渲染出来还是正方形（比例 ≈1.000；被拉伸会变成 0.25）：157×157 → 1.000
[12:21:18]     连拍各帧白块质心：[('B-横屏-播放中-00.png', 77.0), ('B-横屏-播放中-01.png', 86.9), ('B-横屏-播放中-02.png', 97.2), ('B-横屏-播放中-03.png', 104.0), ('B-横屏-播放中-04.png', 118.0), ('B-横屏-播放中-05.png', 128.0), ('B-横屏-播放中-06.png', 137.9), ('B-横屏-播放中-07.png', 148.0)]
    [PASS] 连拍帧之间白块位置在变 → 画面确实在播（不是停在第一帧的静止图）：8 个读数，位移 71.0px / 4.29s → 16.6 px/s（在播门槛 8、停住门槛 3）
[12:21:19]     暂停前快测：2 个读数，位移 10.4px / 0.63s → 16.6 px/s（在播门槛 8、停住门槛 3） → 在播
[12:21:22]     第 1 轮没读到控制条，轻点画面把它叫回来
[12:21:25]     「暂停」键在 (79, 2263)；之后只点这个坐标，不再 dump
[12:21:27]     第 1 次点击后：2 个读数，位移 0.0px / 0.50s → 0.0 px/s（在播门槛 8、停住门槛 3）
    [PASS] 点暂停之前确实处于播放态（否则这一组判据会被「播完」顶成假通过）：暂停前的快测量到画面在动（这是「正在播放」的定义）
    [PASS] 点暂停后按钮变成「播放」（状态真的切了）：节点 desc ['播放', '播放']
[12:21:31]     暂停后各帧白块质心：[('B-横屏-暂停后-00.png', 266.0), ('B-横屏-暂停后-01.png', 266.0), ('B-横屏-暂停后-02.png', 266.0), ('B-横屏-暂停后-03.png', 266.0)]
    [PASS] 暂停后画面停住（白块位置不再变化）：4 个读数，位移 0.0px / 1.28s → 0.0 px/s（在播门槛 8、停住门槛 3）
    [截图] 10-B-横屏-已暂停.png  107644 B
    [PASS] 控制条上显示了当前时间与总时长：读到 ['0:13', '1:00']
    [PASS] 总时长读出来是 1:00（容器时长 60 秒，不是猜的）：读到 ['0:13', '1:00']
[12:21:31]     进度条节点：{'cls': 'SeekBar', 'x1': 202, 'y1': 2205, 'x2': 1004, 'y2': 2321}
    [PASS] 控制条上有可拖的进度条：SeekBar x[202,1004] y[2205,2321]
[12:21:37]     标定第一轮：拖到节点宽度 30% 处（x=442）→ 读到 18 秒
[12:21:42]     标定第一轮：拖到节点宽度 60% 处（x=683）→ 读到 34 秒
[12:21:42]     标定结果：轨迹行程 902px、零点 x≈172（节点 x[202,1004] 宽 802px → 左侧让出 -30px、右侧让出 -70px）
    [PASS] 进度条落点标定成立（两把标定拖都读出了更靠后的时间）：行程 902px，零点 x≈172
[12:21:46]     拖进度条到 x=443（目标 30%）→ 控制条读到 ['0:19', '1:00']
    [PASS] 拖动进度条能跳到目标位置（拖到 30% 后当前时间应落在 15~21 秒）：拖动后控制条读到 ['0:19', '1:00']，其中当前时间 19 秒
    [PASS] 拖进度条没有被外层翻页手势抢走（页码不变）：1 / 2 → 1 / 2
[12:22:00]     同一落点 x=443 连拖 3 把的读数：[18, 19, 18]（本次首把 19 秒，目标 18 秒）
    [记录] 拖动落点的重复性（同一坐标连拖 3 把）：读数 [18, 19, 18]，极差 1 秒 —— 这就是 ±3 秒容差够不够的实测依据
    [截图] 11-B-横屏-拖到30%.png  108183 B
[12:22:07]     恢复播放后各帧白块质心：[('B-横屏-再播-00.png', 367.1), ('B-横屏-再播-01.png', 374.0), ('B-横屏-再播-02.png', 380.9), ('B-横屏-再播-03.png', 387.9), ('B-横屏-再播-04.png', 394.1), ('B-横屏-再播-05.png', 404.5)]
    [PASS] 点「播放」后画面重新动起来（可暂停、可恢复）：6 个读数，位移 37.4px / 2.26s → 16.6 px/s（在播门槛 8、停住门槛 3）
    [PASS] 切后台之前影片确实在播（上一条连拍已证明画面在动）：播放中
[12:22:09] 按 HOME 切到后台，再切回来（Surface 会走一遍 destroyed → created）
    [PASS] 切后台再回来后画面上还有影片（播放器重建时读取器没被误关）：4 帧里 4 帧有影片画面
    [PASS] 切后台再回来仍停在原来那一页（没被翻到别的影片）：1 / 2 → 1 / 2
    [PASS] 没有出现「这段视频读不出来」（那正是读取器被误关的表现）：界面文字：['1 / 2', '左右滑动切换 · 轻点画面显示控制条']
[12:22:25]     第 1 轮没读到控制条，轻点画面把它叫回来
    [记录] 切回来时的状态：已经在播（Surface 重建后按用户意图自动续播）
[12:22:31]     返回后重播各帧白块质心：[('B-横屏-返回后重播-00.png', 307.0), ('B-横屏-返回后重播-01.png', 313.1), ('B-横屏-返回后重播-02.png', 320.1), ('B-横屏-返回后重播-03.png', 327.0), ('B-横屏-返回后重播-04.png', 334.0)]
    [PASS] 返回后还能重新播放（画面真的在动，说明读取器仍可用）：5 个读数，位移 27.0px / 1.59s → 17.0 px/s（在播门槛 8、停住门槛 3）
    [PASS] 解码器被创建过（logcat）：NuPlayerDriver / c2.*.h264.decoder
    [PASS] 第一帧确实渲染到了 surface 上（logcat MEDIA_INFO_VIDEO_RENDERING_START）：info/warning (3, 0)
[12:22:37] 点开角标 0:08 那一格（447,604）
[12:22:44]     量到的帧：B-竖屏-播放中-00.png
[12:22:44]     条带 x[0,1079] y[239,2160] = 1080×1922，正方形 271×271 比例 1.000，白块 x327..406（宽 80）
    [PASS] 竖屏：条带高度 ≈ 1922px（9:16 铺进 1080 宽应得的高度 —— 横躺的竖拍视频会得到一个扁条带）：实测 1922px，差 +0px
    [PASS] 竖屏：正方形比例仍为 1.000（竖向没被压扁）：271×271 → 1.000
[12:22:50] 长按一格进入选择模式
    [PASS] 长按后进入选择模式：['已选 1 项']
    [截图] 12-B-删除-全选.png  64337 B
    [截图] 13-B-删除后-空库.png  156628 B
    [PASS] 删除后页头回到「· 0 项」：页头读到 0 项
    [PASS] 删除记录后视频密文也一起消失（不是只删了记录）：attachments 里还剩 []

[12:23:16] 第 B 轮全部通过
