[12:23:24] ================ 对照轮 · 出货版 v1.0.9（图库只认图片） ================
[12:23:24] 安装 D:\MixiaVault\dist\FPB-v1.0.9.apk
[12:23:26]     设备上装的是 1.0.9 (code 10)
[12:23:29] 界面树抓取服务就绪（第 1 次尝试）
[12:23:29] 清空应用数据并冷启动，走完整引导
    [截图] 01-A-引导-欢迎.png  16207 B
[12:23:36] 设置主密码
    [截图] 02-A-引导-主密码.png  16207 B
[12:24:07] 跳过假密码
    [截图] 03-A-引导-假密码.png  16207 B
[12:24:13] 等待 Argon2id 派生完成
[12:24:18]     要求回填第 [1, 6, 8] 组
    [截图] 04-A-引导-恢复码已回填.png  16207 B
[12:24:35]     复选框已勾选（第 2 次尝试）
    [截图] 05-A-引导-已确认抄写.png  16207 B
[12:24:39] 等待进入主页
    [截图] 06-A-主页-空列表.png  16207 B
[12:24:43] release 包：进设置关掉「禁止截屏」（默认开着，不然截出来全是黑的）
    [截图] 07-A-约束-默认禁止截屏.png  16207 B
    [记录] release 包「禁止截屏」默认状态：True（应为 True）
    [记录] 关掉之后：False（应为 False）
[12:25:14] 主页 → 媒体库（入口文案「照片库」）
    [PASS] v1.0.9：主页入口叫「照片库」，没有任何「视频」字样（缺陷：功能不存在）：实际入口文案「照片库」
    [PASS] v1.0.9：页头按「张」计数（只统计图片）：实际页头「原图加密存储 · 0 张」
[12:25:26] 点导入按钮（文案「（无语义）」）
[12:25:30]     选图器网格已加载（等了 3s / 1 轮）：可勾格子 11 个、红色缩略图 0 个
    [截图] 08-A-选图器.png  815537 B
    [记录] v1.0.9 选图器里的可勾格子数：11（相册里有老照片，所以不是 0）
    [记录] v1.0.9 选图器截图里的红色缩略图数：0
    [PASS] v1.0.9：选图器里照片都在（相册确实非空），但两段纯红影片一张都看不见 → 视频不可选：网格已加载=True（这是相册非空的证据）、红色缩略图 0（应为 0）
    [记录] 这就是用户报的「图库无法读取视频文件」：v1.0.9 的选图器与图库在四层上都只认图片

[12:25:31] 第 A 轮全部通过
