===== 运行开始 2026-09-16 10:43:36 =====
安装 debug 包：D:\MixiaVault\app\build\outputs\apk\debug\app-debug.apk
[10:43:37] 先把系统深浅固定成浅色 —— 后面每一步都要在这个基准上判断
[10:43:41]     系统深色模式已关闭
[10:43:41] 清空应用数据并冷启动，走完整引导
    [截图] 01-深色-引导-欢迎.png  157939 B
[10:43:49] 设置主密码
    [截图] 02-深色-引导-主密码.png  105909 B
[10:44:14] 跳过假密码
    [截图] 03-深色-引导-假密码.png  95860 B
[10:44:19] 等待 Argon2id 派生完成
[10:44:27]     要求回填第 [1, 2, 9] 组
    [截图] 04-深色-引导-恢复码已回填.png  172036 B
[10:44:42]     复选框已勾选（第 2 次尝试）
    [截图] 05-深色-引导-已确认抄写.png  173108 B
[10:44:45] 等待进入主页
    [截图] 06-深色-主页-空列表.png  85894 B
[10:44:49] 引导完成（此时是「跟随系统」，系统浅色 → 应用浅色）
    [截图] 07-01-基线-浅色设置页-跟随系统.png  268002 B
    [PASS] 基线（系统浅色+跟随系统） · 配色是浅色：平均亮度 0.968（>0.60）
    [PASS] 基线 · 外观模式显示为「跟随系统」：行右侧值 = 跟随系统
[10:44:59] 选「深色」—— 此时系统仍是浅色，这正是旧 bug 会暴露的组合
    [截图] 08-02-应用深色-系统仍浅色-设置页第1屏.png  288938 B
    [PASS] 系统浅色+应用深色 · 配色是深色：平均亮度 0.099（<0.30）
    [PASS] 系统浅色+应用深色 · 深色底上有浅色文字：亮像素占比 0.0094（>0.004）
    [截图] 09-03-应用深色-设置页第2屏.png  292655 B
    [PASS] 系统浅色+应用深色（第2屏） · 配色是深色：平均亮度 0.094（<0.30）
    [PASS] 系统浅色+应用深色（第2屏） · 深色底上有浅色文字：亮像素占比 0.0086（>0.004）
[10:45:17] force-stop 后冷启动，在解锁页验证配色被记住（也顺带验证不白闪）
    [截图] 10-04-冷启动-解锁页仍是深色.png  108884 B
    [PASS] 冷启动解锁页（持久化） · 配色是深色：平均亮度 0.080（<0.30）
    [PASS] 冷启动解锁页（持久化） · 深色底上有浅色文字：亮像素占比 0.0100（>0.004）
    [PASS] 重启后 · 外观模式仍记为「深色」：行右侧值 = 深色
    [截图] 11-05-重启后-设置页仍是深色.png  288958 B
    [PASS] 重启后设置页 · 配色是深色：平均亮度 0.099（<0.30）
    [PASS] 重启后设置页 · 深色底上有浅色文字：亮像素占比 0.0096（>0.004）
[10:45:49] 选「浅色」
    [截图] 12-06-切浅色-设置页.png  287364 B
    [PASS] 应用切浅色（系统仍浅色） · 配色是浅色：平均亮度 0.966（>0.60）
[10:46:05] 切回「跟随系统」，然后把系统改成深色
[10:46:22]     系统深色模式已开启
    [截图] 13-07-跟随系统-系统切深色-应用跟着深.png  272480 B
    [PASS] 跟随系统（系统改深色） · 配色是深色：平均亮度 0.099（<0.30）
    [PASS] 跟随系统（系统改深色） · 深色底上有浅色文字：亮像素占比 0.0096（>0.004）
[10:46:25] 系统仍是深色，此时选「浅色」—— 应用必须保持浅色
    [截图] 14-08-显式浅色-系统深色-应用保持浅色.png  287371 B
    [PASS] 显式浅色（系统深色） · 配色是浅色：平均亮度 0.966（>0.60）
[10:46:42] 收尾：切回「跟随系统」并把系统恢复成浅色
[10:46:59]     系统深色模式已关闭
    [截图] 15-09-恢复-跟随系统-系统浅色.png  268313 B
    [PASS] 收尾（系统浅色+跟随系统） · 配色是浅色：平均亮度 0.968（>0.60）

[10:47:02] 第 1 部分（外观模式）全部通过
----- 第 1 部分 EXIT=0 -----
[10:47:08]     冷启动到了解锁页，用主密码解锁
[10:47:19]     已在主页
[10:47:20] 媒体库里现有 4 种宽高组合：[(1080, 2400), (1200, 1600), (1600, 1200), (4000, 3000)]
[10:47:27] 打开选图器，最多选 4 张（导入前库里有 0 张）
[10:47:32]     选图器里看到 6 个格子
[10:47:55]     页头：原图加密存储 · 4 张（导入前 0 张）
[10:47:55]     已入库 4 张
[10:47:55] 点开第 1 张大图，逐页量比例
    [截图] 41-41-大图-第1张-原比例.png  27149 B
    第 1 张：包围盒 x[0,1078] y[480,1919] = 1079×1440，平均色 (222, 64, 64)
             → 候选匹配 [(1200, 1600)]
    [PASS] 第 1 张 · 大图按原图比例居中呈现（未被裁剪/拉伸/偏移）：包围盒 x[0,1078] y[480,1919] = 1079×1440，平均色 (222, 64, 64)；期望之一见下
[10:48:04]     在第 1 张（1200×1600）上做双击验证
    [截图] 42-49-双击前-适应屏幕.png  27149 B
[10:48:07]     双击 → 期望放大到实际大小（1 图片像素 = 1 屏幕像素）
    [截图] 43-53-双击后-实际大小.png  27149 B
            双击后：包围盒 x[0,1078] y[400,1999] = 1079×1600，平均色 (222, 64, 64)
    [PASS] 双击 · 放大到实际大小（1 图片像素 = 1 屏幕像素、居中）：包围盒 x[0,1078] y[400,1999] = 1079×1600，平均色 (222, 64, 64)；命中 [(1200, 1600)]；期望（1200×1600 → x[0,1079] y[400,1999]）
    [PASS] 双击 · 放大过程中没有翻页：页码 1 / 4 → 1 / 4
[10:48:13]     再双击 → 期望回到适应屏幕（按原比例、居中）
    [截图] 44-57-再双击-回到原比例.png  27149 B
            复位后：包围盒 x[0,1078] y[480,1919] = 1079×1440，平均色 (222, 64, 64)
    [PASS] 双击两下 · 回到按原比例居中：包围盒 x[0,1078] y[480,1919] = 1079×1440，平均色 (222, 64, 64)；期望 x[0,1079] y[480,1919]（对应 1200×1600）
    [截图] 45-42-大图-第2张-原比例.png  27756 B
    第 2 张：包围盒 x[0,1078] y[480,1919] = 1079×1440，平均色 (58, 92, 222)
             → 候选匹配 [(1200, 1600)]
    [PASS] 第 2 张 · 大图按原图比例居中呈现（未被裁剪/拉伸/偏移）：包围盒 x[0,1078] y[480,1919] = 1079×1440，平均色 (58, 92, 222)；期望之一见下
    [截图] 46-43-大图-第3张-原比例.png  100230 B
    第 3 张：包围盒 x[0,1078] y[795,1604] = 1079×810，平均色 (148, 158, 168)
             → 候选匹配 [(1600, 1200), (4000, 3000)]
    [PASS] 第 3 张 · 大图按原图比例居中呈现（未被裁剪/拉伸/偏移）：包围盒 x[0,1078] y[795,1604] = 1079×810，平均色 (148, 158, 168)；期望之一见下
    [截图] 47-44-大图-第4张-原比例.png  99406 B
    第 4 张：包围盒 x[0,1078] y[795,1604] = 1079×810，平均色 (148, 158, 168)
             → 候选匹配 [(1600, 1200), (4000, 3000)]
    [PASS] 第 4 张 · 大图按原图比例居中呈现（未被裁剪/拉伸/偏移）：包围盒 x[0,1078] y[795,1604] = 1079×810，平均色 (148, 158, 168)；期望之一见下
    [PASS] 至少有一张比屏幕大的图可供双击验证：在第 1 页完成双击验证
[10:48:32] 左右滑动回归（确认双击识别器没有破坏翻页）
    [PASS] 右滑翻页正常：4 / 4 → 3 / 4
    [PASS] 左滑翻页正常：3 / 4 → 4 / 4

[10:48:46] 第 2 部分（大图原比例 + 双击）全部通过
----- 第 2 部分 EXIT=0 -----
===== 运行结束 2026-09-16 10:48:46 第1部分=0 第2部分=0 =====
